[2025-08-13 21:32:04] SYSTEM: === New conversation started ===
[2025-08-13 21:32:05] SYSTEM: Call connected - Nova Sonic session started
[2025-08-13 21:32:13] NOVA: Absolutely! Diatoms are a type of algae that have a unique glass-like cell wall.
[2025-08-13 21:32:15] NOVA: They're really important in aquatic ecosystems and can be found in both freshwater and marine environments.
[2025-08-13 21:32:17] SYSTEM: User interrupted Nova (barge-in detected)
[2025-08-13 21:32:18] NOVA: { "interrupted" : true }
[2025-08-13 21:32:18] NOVA: Absolutely! Diatoms are a type of algae that have a unique glass-like cell wall.
[2025-08-13 21:32:21] NOVA: To view diatoms, you'll need a microscope. They're often found in water samples, and you can collect a sample and prepare it for viewing.
[2025-08-13 21:32:28] SYSTEM: User interrupted Nova (barge-in detected)
[2025-08-13 21:32:28] NOVA: { "interrupted" : true }
[2025-08-13 21:32:28] NOVA: To view diatoms, you'll need a microscope. They're often found in water samples, and you can collect a sample and prepare it for viewing.
[2025-08-13 21:32:30] NOVA: Yes, an electron microscope can be used to view diatoms, but a regular light microscope is usually sufficient for most observations.
[2025-08-13 21:32:39] SYSTEM: Error occurred: software.amazon.awssdk.services.bedrockruntime.model.ValidationException: RequestId=e7ad3600-9ac7-4e53-9c56-6c2c92750907 : Error(s):
Error 1 : The following prompts were not closed: [439c15bf-cff6-4fc1-8a74-2f2cabf2676c]
 (Service: bedrock, Status Code: 400, Request ID: e7ad3600-9ac7-4e53-9c56-6c2c92750907)
[2025-08-13 21:32:39] SYSTEM: Error occurred: software.amazon.awssdk.services.bedrockruntime.model.ValidationException: RequestId=e7ad3600-9ac7-4e53-9c56-6c2c92750907 : Error(s):
Error 1 : The following prompts were not closed: [439c15bf-cff6-4fc1-8a74-2f2cabf2676c]
 (Service: bedrock, Status Code: 400, Request ID: e7ad3600-9ac7-4e53-9c56-6c2c92750907)
[2025-08-13 21:32:39] SYSTEM: Error occurred: java.util.concurrent.CompletionException: software.amazon.awssdk.services.bedrockruntime.model.ValidationException: RequestId=e7ad3600-9ac7-4e53-9c56-6c2c92750907 : Error(s):
Error 1 : The following prompts were not closed: [439c15bf-cff6-4fc1-8a74-2f2cabf2676c]
 (Service: bedrock, Status Code: 400, Request ID: e7ad3600-9ac7-4e53-9c56-6c2c92750907) (SDK Attempt Count: 1)
[2025-08-13 21:32:54] SYSTEM: === New conversation started ===
[2025-08-13 21:32:54] SYSTEM: Call connected - Nova Sonic session started
[2025-08-13 21:33:04] NOVA: Diatoms are a type of algae that can affect water quality in various ways.
[2025-08-13 21:33:06] NOVA: They can contribute to algal blooms, which can reduce oxygen levels in the water and harm aquatic life.
[2025-08-13 21:33:08] NOVA: However, they also play a crucial role in the ecosystem by producing oxygen and serving as a food source for other organisms.
[2025-08-13 21:33:10] NOVA: Diatoms are a type of algae that can affect water quality in various ways.
[2025-08-13 21:33:15] NOVA: They can contribute to algal blooms, which can reduce oxygen levels in the water and harm aquatic life.
[2025-08-13 21:33:22] SYSTEM: Error occurred: software.amazon.awssdk.services.bedrockruntime.model.ValidationException: RequestId=60b2774d-1101-4f4c-bc97-8e2956c314ca : Error(s):
Error 1 : The following prompts were not closed: [46f76f72-e0ec-414f-bf13-fceca3d1e75f]
 (Service: bedrock, Status Code: 400, Request ID: 60b2774d-1101-4f4c-bc97-8e2956c314ca)
[2025-08-13 21:33:22] SYSTEM: Error occurred: software.amazon.awssdk.services.bedrockruntime.model.ValidationException: RequestId=60b2774d-1101-4f4c-bc97-8e2956c314ca : Error(s):
Error 1 : The following prompts were not closed: [46f76f72-e0ec-414f-bf13-fceca3d1e75f]
 (Service: bedrock, Status Code: 400, Request ID: 60b2774d-1101-4f4c-bc97-8e2956c314ca)
[2025-08-13 21:33:22] SYSTEM: Error occurred: java.util.concurrent.CompletionException: software.amazon.awssdk.services.bedrockruntime.model.ValidationException: RequestId=60b2774d-1101-4f4c-bc97-8e2956c314ca : Error(s):
Error 1 : The following prompts were not closed: [46f76f72-e0ec-414f-bf13-fceca3d1e75f]
 (Service: bedrock, Status Code: 400, Request ID: 60b2774d-1101-4f4c-bc97-8e2956c314ca) (SDK Attempt Count: 1)
[2025-08-13 21:33:56] SYSTEM: === New conversation started ===
[2025-08-13 21:33:57] SYSTEM: Call connected - Nova Sonic session started
[2025-08-13 21:34:07] NOVA: Diatoms are a type of algae that live in water.
[2025-08-13 21:34:08] NOVA: They have a unique glass-like cell wall and come in a variety of shapes and sizes.
[2025-08-13 21:34:09] NOVA: Diatoms are important in aquatic ecosystems as they form the base of the food chain.
[2025-08-13 21:34:11] NOVA: Diatoms are a type of algae that live in water.
[2025-08-13 21:34:15] NOVA: They have a unique glass-like cell wall and come in a variety of shapes and sizes.
[2025-08-13 21:34:20] NOVA: Diatoms are important in aquatic ecosystems as they form the base of the food chain.
[2025-08-13 21:34:21] SYSTEM: User interrupted Nova (barge-in detected)
[2025-08-13 21:34:24] NOVA: Diatoms can be found in both seawater and freshwater environments.
[2025-08-13 21:34:26] NOVA: They are incredibly diverse and can thrive in a wide range of conditions.
[2025-08-13 21:34:29] NOVA: Diatoms can be found in both seawater and freshwater environments.
[2025-08-13 21:34:33] NOVA: They are incredibly diverse and can thrive in a wide range of conditions.
[2025-08-13 21:34:36] NOVA: There are thousands of different varieties of diatoms, with estimates ranging from 10,000 to 200,000 species.
[2025-08-13 21:34:39] NOVA: They are incredibly diverse and come in a wide range of shapes and sizes.
[2025-08-13 21:34:44] NOVA: There are thousands of different varieties of diatoms, with estimates ranging from 10,000 to 200,000 species.
[2025-08-13 21:34:49] NOVA: They are incredibly diverse and come in a wide range of shapes and sizes.
[2025-08-13 21:34:56] SYSTEM: User interrupted Nova (barge-in detected)
[2025-08-13 21:34:58] NOVA: The origins of diatoms can be traced back to the early Paleozoic era, around 540 million years ago.
[2025-08-13 21:35:01] NOVA: They are believed to have evolved from a common ancestor with other types of algae.
[2025-08-13 21:35:05] NOVA: The origins of diatoms can be traced back to the early Paleozoic era, around 540 million years ago.
[2025-08-13 21:35:10] NOVA: They are believed to have evolved from a common ancestor with other types of algae.
[2025-08-13 21:35:19] NOVA: Diatoms are photosynthetic organisms, which means they produce their own food through the process of photosynthesis.
[2025-08-13 21:35:21] NOVA: They use sunlight, carbon dioxide, and water to create glucose, which they use for energy and growth.
[2025-08-13 21:35:26] NOVA: Diatoms are photosynthetic organisms, which means they produce their own food through the process of photosynthesis.
[2025-08-13 21:35:33] NOVA: They use sunlight, carbon dioxide, and water to create glucose, which they use for energy and growth.
[2025-08-13 21:35:39] NOVA: If diatoms were to cease to exist, it would have a significant impact on aquatic ecosystems.
[2025-08-13 21:35:41] NOVA: They form the base of the food chain and provide a crucial source of energy for many other organisms.
[2025-08-13 21:35:43] NOVA: The loss of diatoms could lead to a cascade of effects throughout the ecosystem, potentially causing widespread disruption.
[2025-08-13 21:35:45] NOVA: If diatoms were to cease to exist, it would have a significant impact on aquatic ecosystems.
[2025-08-13 21:35:51] NOVA: They form the base of the food chain and provide a crucial source of energy for many other organisms.
[2025-08-13 21:35:58] NOVA: The loss of diatoms could lead to a cascade of effects throughout the ecosystem, potentially causing widespread disruption.
[2025-08-13 21:36:00] SYSTEM: User interrupted Nova (barge-in detected)
[2025-08-13 21:36:05] NOVA: The loss of diatoms could lead to a decrease in the overall productivity of aquatic ecosystems.
[2025-08-13 21:36:07] NOVA: This could result in a decline in the populations of many other organisms that rely on diatoms for food, such as zooplankton and fish.
[2025-08-13 21:36:09] NOVA: In turn, this could have a ripple effect throughout the ecosystem, potentially causing widespread disruption and even collapse.
[2025-08-13 21:36:10] SYSTEM: === New conversation started ===
[2025-08-13 21:36:11] SYSTEM: Call connected - Nova Sonic session started
[2025-08-13 21:36:11] NOVA: The loss of diatoms could lead to a decrease in the overall productivity of aquatic ecosystems.
[2025-08-13 21:36:18] SYSTEM: Error occurred: software.amazon.awssdk.services.bedrockruntime.model.ValidationException: RequestId=7ecc02c2-83b5-42d0-bedd-bd2f632fe05f : Error(s):
Error 1 : The following prompts were not closed: [46c21548-5b11-4a1b-b8a4-48f9c7b69984]
 (Service: bedrock, Status Code: 400, Request ID: 7ecc02c2-83b5-42d0-bedd-bd2f632fe05f)
[2025-08-13 21:36:18] SYSTEM: Error occurred: software.amazon.awssdk.services.bedrockruntime.model.ValidationException: RequestId=7ecc02c2-83b5-42d0-bedd-bd2f632fe05f : Error(s):
Error 1 : The following prompts were not closed: [46c21548-5b11-4a1b-b8a4-48f9c7b69984]
 (Service: bedrock, Status Code: 400, Request ID: 7ecc02c2-83b5-42d0-bedd-bd2f632fe05f)
[2025-08-13 21:36:18] SYSTEM: Error occurred: java.util.concurrent.CompletionException: software.amazon.awssdk.services.bedrockruntime.model.ValidationException: RequestId=7ecc02c2-83b5-42d0-bedd-bd2f632fe05f : Error(s):
Error 1 : The following prompts were not closed: [46c21548-5b11-4a1b-b8a4-48f9c7b69984]
 (Service: bedrock, Status Code: 400, Request ID: 7ecc02c2-83b5-42d0-bedd-bd2f632fe05f) (SDK Attempt Count: 1)
[2025-08-13 21:36:19] NOVA: This could result in a decline in the populations of many other organisms that rely on diatoms for food, such as zooplankton and fish.
[2025-08-13 21:36:27] NOVA: In turn, this could have a ripple effect throughout the ecosystem, potentially causing widespread disruption and even collapse.
[2025-08-13 21:36:33] NOVA: When diatoms die, their cell walls sink to the bottom of the water body where they form a layer of sediment.
[2025-08-13 21:36:36] NOVA: Over time, this sediment can accumulate and form diatomaceous earth, a soft, white powdery substance that is often used in filters and other industrial applications.
[2025-08-13 21:36:40] NOVA: When diatoms die, their cell walls sink to the bottom of the water body where they form a layer of sediment.
[2025-08-13 21:36:51] NOVA: Over time, this sediment can accumulate and form diatomaceous earth, a soft, white powdery substance that is often used in filters and other industrial applications.
[2025-08-13 21:37:05] NOVA: Diatoms play an important role in regulating the Earth's climate by absorbing carbon dioxide from the atmosphere and storing it in their cell walls.
[2025-08-13 21:37:08] NOVA: As a result, they are considered a key player in the global carbon cycle and are an important tool for studying past and present climate change.
[2025-08-13 21:37:14] NOVA: Diatoms play an important role in regulating the Earth's climate by absorbing carbon dioxide from the atmosphere and storing it in their cell walls.
[2025-08-13 21:37:22] NOVA: As a result, they are considered a key player in the global carbon cycle and are an important tool for studying past and present climate change.
[2025-08-13 21:37:33] SYSTEM: Error occurred: software.amazon.awssdk.services.bedrockruntime.model.ValidationException: RequestId=0e8a756e-700c-49d7-8071-e877bf24bb8d : Error(s):
Error 1 : The following prompts were not closed: [f15d640c-79fb-4649-8dcf-7f21a291ad72]
 (Service: bedrock, Status Code: 400, Request ID: 0e8a756e-700c-49d7-8071-e877bf24bb8d)
[2025-08-13 21:37:33] SYSTEM: Error occurred: software.amazon.awssdk.services.bedrockruntime.model.ValidationException: RequestId=0e8a756e-700c-49d7-8071-e877bf24bb8d : Error(s):
Error 1 : The following prompts were not closed: [f15d640c-79fb-4649-8dcf-7f21a291ad72]
 (Service: bedrock, Status Code: 400, Request ID: 0e8a756e-700c-49d7-8071-e877bf24bb8d)
[2025-08-13 21:37:33] SYSTEM: Error occurred: java.util.concurrent.CompletionException: software.amazon.awssdk.services.bedrockruntime.model.ValidationException: RequestId=0e8a756e-700c-49d7-8071-e877bf24bb8d : Error(s):
Error 1 : The following prompts were not closed: [f15d640c-79fb-4649-8dcf-7f21a291ad72]
 (Service: bedrock, Status Code: 400, Request ID: 0e8a756e-700c-49d7-8071-e877bf24bb8d) (SDK Attempt Count: 1)
[2025-08-13 21:52:11] SYSTEM: === New conversation started ===
[2025-08-13 21:52:11] SYSTEM: Call connected - Nova Sonic session started
[2025-08-13 21:52:25] SYSTEM: Error occurred: software.amazon.awssdk.services.bedrockruntime.model.ValidationException: RequestId=675a0a54-93b0-4ccc-a9ee-fb63d175a432 : Error(s):
Error 1 : The following prompts were not closed: [fc6a1264-18aa-4a20-bd74-ca6bfa416c42]
 (Service: bedrock, Status Code: 400, Request ID: 675a0a54-93b0-4ccc-a9ee-fb63d175a432)
[2025-08-13 21:52:25] SYSTEM: Error occurred: software.amazon.awssdk.services.bedrockruntime.model.ValidationException: RequestId=675a0a54-93b0-4ccc-a9ee-fb63d175a432 : Error(s):
Error 1 : The following prompts were not closed: [fc6a1264-18aa-4a20-bd74-ca6bfa416c42]
 (Service: bedrock, Status Code: 400, Request ID: 675a0a54-93b0-4ccc-a9ee-fb63d175a432)
[2025-08-13 21:52:25] SYSTEM: Error occurred: java.util.concurrent.CompletionException: software.amazon.awssdk.services.bedrockruntime.model.ValidationException: RequestId=675a0a54-93b0-4ccc-a9ee-fb63d175a432 : Error(s):
Error 1 : The following prompts were not closed: [fc6a1264-18aa-4a20-bd74-ca6bfa416c42]
 (Service: bedrock, Status Code: 400, Request ID: 675a0a54-93b0-4ccc-a9ee-fb63d175a432) (SDK Attempt Count: 1)
